// Jest Snapshot v1, https://goo.gl/fbAQLP

exports[`<EditButton /> should render without crashing 1`] = `ShallowWrapper {}`;

exports[`<EditButton /> should render without crashing when logged in 1`] = `ShallowWrapper {}`;
