// Jest Snapshot v1, https://goo.gl/fbAQLP

exports[`<Editor /> should render wihtout crashing 1`] = `ShallowWrapper {}`;
