// Jest Snapshot v1, https://goo.gl/fbAQLP

exports[`<ArticleComponent should render without crashing 1`] = `ShallowWrapper {}`;

exports[`<ArticleComponent should render without crashing 2`] = `ShallowWrapper {}`;
