// Jest Snapshot v1, https://goo.gl/fbAQLP

exports[`<Paginations /> should render without crashing 1`] = `ShallowWrapper {}`;
