// Jest Snapshot v1, https://goo.gl/fbAQLP

exports[`NotificationsDropdownMenu should render many notifications without crashing 1`] = `ShallowWrapper {}`;

exports[`NotificationsDropdownMenu should render many user dropdown without crashing 1`] = `ShallowWrapper {}`;
