// Jest Snapshot v1, https://goo.gl/fbAQLP

exports[`ArticleCard Should render without crashing 1`] = `ShallowWrapper {}`;
