// Jest Snapshot v1, https://goo.gl/fbAQLP

exports[`Banner Should render without crashing 1`] = `ShallowWrapper {}`;
