// Jest Snapshot v1, https://goo.gl/fbAQLP

exports[`DislikeButton should render without crashing 1`] = `ShallowWrapper {}`;
