// Jest Snapshot v1, https://goo.gl/fbAQLP

exports[`LikeButton should render without crashing 1`] = `ShallowWrapper {}`;
