// Jest Snapshot v1, https://goo.gl/fbAQLP

exports[`app tests should render without crashing 1`] = `ShallowWrapper {}`;
