// Jest Snapshot v1, https://goo.gl/fbAQLP

exports[`LikeButtonView should render without crashing 1`] = `ShallowWrapper {}`;
