// Jest Snapshot v1, https://goo.gl/fbAQLP

exports[`profile view should render with errors 1`] = `ShallowWrapper {}`;

exports[`profile view should render with loading 1`] = `ShallowWrapper {}`;

exports[`profile view should render without crashing 1`] = `ShallowWrapper {}`;
