// Jest Snapshot v1, https://goo.gl/fbAQLP

exports[`report article action should handle submit 1`] = `ShallowWrapper {}`;
