// Jest Snapshot v1, https://goo.gl/fbAQLP

exports[`update profile view should render without crashing 1`] = `ShallowWrapper {}`;
