// Jest Snapshot v1, https://goo.gl/fbAQLP

exports[`<SocialAuth should render without crushing 1`] = `ShallowWrapper {}`;
