// Jest Snapshot v1, https://goo.gl/fbAQLP

exports[`Profile Card renders without crashing 1`] = `ShallowWrapper {}`;
