// Jest Snapshot v1, https://goo.gl/fbAQLP

exports[`<CommentReplyView should render without crashing 1`] = `ShallowWrapper {}`;
