// Jest Snapshot v1, https://goo.gl/fbAQLP

exports[`login modal should render without crashing 1`] = `ShallowWrapper {}`;
