// Jest Snapshot v1, https://goo.gl/fbAQLP

exports[`LoginView should render without crashing 1`] = `ShallowWrapper {}`;
