// Jest Snapshot v1, https://goo.gl/fbAQLP

exports[`Signupform Should render without crashing 1`] = `ShallowWrapper {}`;
